This is XeTeX, Version 3.141592653-2.6-0.999998 (TeX Live 2026) (preloaded format=xelatex 2026.7.7)  7 JUL 2026 22:02
entering extended mode
 restricted \write18 enabled.
 file:line:error style messages enabled.
 %&-line parsing enabled.
**d:/Project/AAAI/AAAI-Fable/AuthorKit27/AnonymousSubmission2027.tex
(d:/Project/AAAI/AAAI-Fable/AuthorKit27/AnonymousSubmission2027.tex
LaTeX2e <2026-06-01>
L3 programming layer <2026-06-18>
(e:/Program/Texlive/texmf-dist/tex/latex/base/article.cls
Document Class: article 2025/01/22 v1.4n Standard LaTeX document class
(e:/Program/Texlive/texmf-dist/tex/latex/base/size10.clo
File: size10.clo 2025/01/22 v1.4n Standard LaTeX file (size option)
)
\c@part=\count273
\c@section=\count274
\c@subsection=\count275
\c@subsubsection=\count276
\c@paragraph=\count277
\c@subparagraph=\count278
\c@figure=\count279
\c@table=\count280
\abovecaptionskip=\skip49
\belowcaptionskip=\skip50
\bibindent=\dimen150
) (./aaai2027.sty
Package: aaai2027 2027/05/04 AAAI 2027 Submission format

Conference Style for AAAI for LaTeX 2e
(e:/Program/Texlive/texmf-dist/tex/generic/iftex/iftex.sty
Package: iftex 2024/12/12 v1.0g TeX engine tests
)

 ********************************************
 * pdfTeX is required to compile this document.
 * Sorry!
 ********************************************

./aaai2027.sty:59: Emergency stop.
<read *> 
         
l.59 \RequirePDFTeX
                   
*** (cannot \read from terminal in nonstop modes)

 
Here is how much of TeX's memory you used:
 343 strings out of 467814
 4543 string characters out of 5425781
 428017 words of memory out of 5000000
 29503 multiletter control sequences out of 15000+600000
 627729 words of font info for 41 fonts, out of 8000000 for 9000
 1348 hyphenation exceptions out of 8191
 42i,0n,51p,365b,40s stack positions out of 10000i,1000n,20000p,200000b,200000s
No pages of output.
